// Jest Snapshot v1, https://goo.gl/fbAQLP

exports[`renders Nav component 1`] = `
<div>
  <div
    class="container mx-auto max-w-4xl p-1 md:p-10"
  >
    <header
      class="flex justify-between flex-col md:flex-row items-center"
    >
      <a
        class="font-extrabold text-2xl hover:text-white mb-2"
        href="/"
      >
        <span
          class="text-pink-600 "
        >
          &gt;&gt;
        </span>
         Robert LÃ¶nnqvist
      </a>
      <nav
        class="flex justify-around space-x-2 items-center mb-2"
      >
        <a
          class="font-medium block px-4 py-2 hover:text-white hover:bg-gray-500 rounded-lg "
          href="/"
        >
          About
        </a>
        <a
          class="font-medium block px-4 py-2 hover:text-white hover:bg-gray-500 rounded-lg "
          href="/cv"
        >
          CV
        </a>
        <a
          class="font-medium block px-4 py-2 hover:text-white hover:bg-gray-500 rounded-lg"
          href="https://github.com/robertlonnqvist"
        >
          Code
        </a>
        <a
          class="font-medium block px-4 py-2 hover:text-white hover:bg-gray-500 rounded-lg"
          href="http://www.linkedin.com/in/robertlonnqvist"
        >
          Contact
        </a>
      </nav>
    </header>
    <div
      class="flex flex-col bg-gray-800 rounded-lg shadow-lg"
    >
      <div
        class="flex justify-between items-center px-4 py-2 bg-black rounded-t-lg"
      >
        <div
          class="flex justify-start space-x-2"
        >
          <div
            class="w-3 h-3 bg-red-500 rounded-full"
          />
          <div
            class="w-3 h-3 bg-yellow-400 rounded-full"
          />
          <div
            class="w-3 h-3 bg-green-400 rounded-full"
          />
        </div>
        <div
          class="text-center flex-grow"
        >
          testTitle
        </div>
      </div>
      <div
        class="m-3"
      >
        <h1
          class="text-2xl text-green-400 mb-3"
        >
          testheadline
        </h1>
      </div>
    </div>
  </div>
</div>
`;
