// Jest Snapshot v1, https://goo.gl/fbAQLP

exports[`Nav component renders Nav component 1`] = `
<div>
  <header
    class="flex justify-between flex-col md:flex-row items-center mb-6 border-b border-gray-400"
  >
    <a
      class="font-extrabold text-2xl hover:text-white mb-3"
      href="/"
    >
      <span
        class="text-pink-600 "
      >
        &gt;&gt;
      </span>
       Robert LÃ¶nnqvist
    </a>
    <nav
      class="flex justify-around space-x-2 items-center mb-3"
    >
      <a
        class="font-bold block px-4 py-2 hover:text-white hover:bg-gray-500 rounded-lg bg-gray-500 text-white"
        href="/"
      >
        About
      </a>
      <a
        class="font-bold block px-4 py-2 hover:text-white hover:bg-gray-500 rounded-lg "
        href="/resume"
      >
        Resume
      </a>
      <a
        class="font-bold block px-4 py-2 hover:text-white hover:bg-gray-500 rounded-lg"
        href="https://github.com/robertlonnqvist"
      >
        Code
      </a>
      <a
        class="font-bold block px-4 py-2 hover:text-white hover:bg-gray-500 rounded-lg"
        href="https://www.linkedin.com/in/robertlonnqvist"
      >
        Contact
      </a>
    </nav>
  </header>
</div>
`;
